[0;92mWails CLI[0m [0;31mv2.12.0[0m


# [1;33m[1;33mBuild Options[0m
[1;33m[0m[0m
Platform(s)       [90m[90m | [0m[0mdarwin/arm64                            
Compiler          [90m[90m | [0m[0m/opt/homebrew/bin/go                    
Skip Bindings     [90m[90m | [0m[0mfalse                                   
Build Mode        [90m[90m | [0m[0mproduction                              
Devtools          [90m[90m | [0m[0mfalse                                   
Frontend Directory[90m[90m | [0m[0m/Users/milenkomitrovic/Agentctl/frontend
Obfuscated        [90m[90m | [0m[0mfalse                                   
Skip Frontend     [90m[90m | [0m[0mfalse                                   
Compress          [90m[90m | [0m[0mfalse                                   
Package           [90m[90m | [0m[0mtrue                                    
Clean Bin Dir     [90m[90m | [0m[0mfalse                                   
LDFlags           [90m[90m | [0m[0m                                        
Tags              [90m[90m | [0m[0m[]                                      
Race Detector     [90m[90m | [0m[0mfalse                                   


# [1;33m[1;33mBuilding target: darwin/arm64[0m
[1;33m[0m[0m
  [90m[90m•[0m[0m [39m[39mGenerating bindings: [0m[0m[30;101m[30;101m  ERROR  [0m[0m [91m[91m[0m[0m
[30;101m[30;101m         [0m[0m [91m[91m# github.com/subzone/Agentctl/desktop[0m[0m
[30;101m[30;101m         [0m[0m [91m[91mdesktop/app.go:177:16: cannot use agentSpec.MaxTokens (variable of type *int) as int value in struct literal[0m[0m
[30;101m[30;101m         [0m[0m [91m[91m[0m[0m
[30;101m[30;101m         [0m[0m [91m[91mexit status 1[0m[0m

[30;101m[30;101m  ERROR  [0m[0m [91m[91m[0m[0m
[30;101m[30;101m         [0m[0m [91m[91m# github.com/subzone/Agentctl/desktop[0m[0m
[30;101m[30;101m         [0m[0m [91m[91mdesktop/app.go:177:16: cannot use agentSpec.MaxTokens (variable of type *int) as int value in struct literal[0m[0m
[30;101m[30;101m         [0m[0m [91m[91m[0m[0m
[30;101m[30;101m         [0m[0m [91m[91mexit status 1[0m[0m
[31;107m[31;107m ♥  [0m[0m [92m[92mIf Wails is useful to you or your company, please consider sponsoring the project:[0m[0m
https://github.com/sponsors/leaanthony
